I'm sorry, but errors were detected in your script. Please correct the
errors listed below, and try again.


File "game/script.rpy", line 109: expected statement.
    cene wp9518516
                  ^

Ren'Py Version: Ren'Py 8.3.2.24090902
Thu Oct 24 02:59:46 2024
